Diagnose log at 2026-06-30T15:49:53Z

AppPath: C:\Program Files\Git\mingw64\bin\git-credential-manager.exe
InstallDir: C:\Program Files\Git\mingw64\bin\
Version: 2.6.1+786ab03440ddc82e807a97c0e540f5247e44cec6

------------
Diagnostic: Environment
Skipped: False
Success: True
Exception: None
Log:
OSType: Windows
OSVersion: 10.0 (build 26200)
Reading environment variables... OK
 Variables:
HOMEPATH=\Users\HP
DriverData=C:\Windows\System32\Drivers\DriverData
COMPUTERNAME=LAPTOP-272SE37A
GIT_TRACE2_PARENT_SID=49655849-301d-4f52-9cba-a217527799af
CommonProgramFiles(x86)=C:\Program Files (x86)\Common Files
OneDrive=C:\Users\HP\OneDrive
ChocolateyLastPathUpdate=134263373722909921
RegionCode=APJ
LANG=en_US.UTF-8
TMP=C:\Users\HP\AppData\Local\Temp
PROCESSOR_REVISION=ba03
PATHEXT=.COM;.EXE;.BAT;.CMD;.VBS;.VBE;.JS;.JSE;.WSF;.WSH;.MSC;.CPL
USERNAME=HP
GIT_ASKPASS=c:\Users\HP\AppData\Roaming\Code\User\globalStorage\vscode.git\askpass\70789581cae28aa7\askpass.sh
GIT_EXEC_PATH=C:/Program Files/Git/mingw64/libexec/git-core
TEMP=C:\Users\HP\AppData\Local\Temp
LOCALAPPDATA=C:\Users\HP\AppData\Local
MSYSTEM=MINGW64
SESSIONNAME=Console
EFC_7176_1592913036=1
ProgramW6432=C:\Program Files
USERDOMAIN=LAPTOP-272SE37A
platformcode=KV
Path=C:/Program Files/Git/mingw64/libexec/git-core;C:\Program Files\Git\mingw64\bin;C:\Program Files\Git\usr\bin;C:\Users\HP\bin;C:\WINDOWS\system32;C:\WINDOWS;C:\WINDOWS\System32\Wbem;C:\WINDOWS\System32\WindowsPowerShell\v1.0\;C:\WINDOWS\System32\OpenSSH\;C:\Program Files (x86)\Microsoft SQL Server\160\DTS\Binn\;C:\Program Files\Git\cmd;C:\src\flutter\bin;C:\Program Files\nodejs\;C:\ProgramData\chocolatey\bin;C:\Users\HP\AppData\Local\Microsoft\WindowsApps;C:\Users\HP\AppData\Local\PowerToys\DSCModules\;C:\Users\HP\AppData\Roaming\npm;C:\Users\HP\AppData\Local\Programs\Microsoft VS Code\bin;C:\Users\HP\AppData\Local\Programs\Microsoft VS Code Insiders\bin
TERM_PROGRAM=vscode
PROCESSOR_LEVEL=6
PROCESSOR_IDENTIFIER=Intel64 Family 6 Model 186 Stepping 3, GenuineIntel
TMPDIR=C:\Users\HP\AppData\Local\Temp
VSCODE_GIT_ASKPASS_EXTRA_ARGS=
VSCODE_GIT_ASKPASS_NODE=C:\Users\HP\AppData\Local\Programs\Microsoft VS Code\Code.exe
TERM_PROGRAM_VERSION=1.126.0
VSCODE_GIT_ASKPASS_MAIN=c:\Users\HP\AppData\Roaming\Code\User\globalStorage\vscode.git\askpass\70789581cae28aa7\askpass-main.js
ProgramFiles(x86)=C:\Program Files (x86)
PUBLIC=C:\Users\Public
NUMBER_OF_PROCESSORS=12
FPS_BROWSER_USER_PROFILE_STRING=Default
CommonProgramFiles=C:\Program Files (x86)\Common Files
VSCODE_INJECTION=1
VSCODE_GIT_IPC_HANDLE=\\.\pipe\vscode-git-e17d64b488-sock
IGCCSVC_DB=AQAAANCMnd8BFdERjHoAwE/Cl+sBAAAAnUNqrnTL70yFCBK3409deQQAAAACAAAAAAAQZgAAAAEAACAAAAAeOD2DElEdYCpbSEaN6JmgTUviQo0wYjwfrTLnh19KJwAAAAAOgAAAAAIAACAAAAC10M9Qaeom+C3Vgy3DvmXOo7z69HZ5OjH7TMvG9xKqeWAAAACdNFXvA/QEHJ8YEkZsExjTgB99pFNddsbM2LgZZEek4S9ZbtPb31yIpF7d8lWZFBMWvO+Q4MVgxRJKLiFHMjXUq0yATWC+Bm5waaAqPRQeEfoq9X4UqKrsVvdk/d1mP/hAAAAAx0WeFLCaP7XviEyjSy3mMLlULflFnRUUDVLdL29OWeAWhC5YafS34W7Q/QTRsvPukbwHyxDUXETY7HlSl8FB/A==
EFC_7176_4126798990=1
PLINK_PROTOCOL=ssh
ProgramData=C:\ProgramData
ProgramFiles=C:\Program Files (x86)
ChocolateyInstall=C:\ProgramData\chocolatey
OnlineServices=Online Services
SystemRoot=C:\WINDOWS
HOME=C:\Users\HP
CommonProgramW6432=C:\Program Files\Common Files
ZES_ENABLE_SYSMAN=1
LOGONSERVER=\\LAPTOP-272SE37A
USERPROFILE=C:\Users\HP
COLORTERM=truecolor
USERDOMAIN_ROAMINGPROFILE=LAPTOP-272SE37A
TERM=xterm-256color
APPDATA=C:\Users\HP\AppData\Roaming
HOMEDRIVE=C:
VSCODE_PYTHON_AUTOACTIVATE_GUARD=1
PSModulePath=C:\Users\HP\OneDrive\ドキュメント\WindowsPowerShell\Modules;C:\Program Files\WindowsPowerShell\Modules;C:\WINDOWS\system32\WindowsPowerShell\v1.0\Modules
CHROME_CRASHPAD_PIPE_NAME=\\.\pipe\crashpad_24264_JTKAZHUKHLLOWQWJ
PROCESSOR_ARCHITEW6432=AMD64
FPS_BROWSER_APP_PROFILE_STRING=Internet Explorer
PROCESSOR_ARCHITECTURE=x86
OS=Windows_NT
ComSpec=C:\WINDOWS\system32\cmd.exe
SystemDrive=C:
windir=C:\WINDOWS
OneDriveConsumer=C:\Users\HP\OneDrive
ALLUSERSPROFILE=C:\ProgramData


------------
Diagnostic: File system
Skipped: False
Success: True
Exception: None
Log:
Temporary directory is 'C:\Users\HP\AppData\Local\Temp\'...
Checking basic file I/O...
Writing to temporary file 'C:\Users\HP\AppData\Local\Temp\045d402cacfbce11e40af627'... OK
Reading from temporary file 'C:\Users\HP\AppData\Local\Temp\045d402cacfbce11e40af627'... OK
Deleting temporary file 'C:\Users\HP\AppData\Local\Temp\045d402cacfbce11e40af627'... OK
Testing IFileSystem instance...
UserHomePath: C:\Users\HP
UserDataDirectoryPath: C:\Users\HP\.gcm
GetCurrentDirectory(): D:\AI\srj-platform

------------
Diagnostic: Networking
Skipped: False
Success: True
Exception: None
Log:
Checking networking and HTTP stack...
Creating HTTP client... OK
IsNetworkAvailable: True
Sending HEAD request to http://example.com...Sending HEAD request to https://example.com... OK
 OK
Acquiring free TCP port... OK
Testing local HTTP loopback connections...
Creating new HTTP listener for http://localhost:53715/... OK
Waiting for loopback connection... OK
Writing response... OK
Waiting for response data... OK
Loopback connection data OK

------------
Diagnostic: Git
Skipped: False
Success: True
Exception: None
Log:
Getting Git version... OK
Git version is '2.52.0.windows.1'
Locating current repository...Git repository at 'D:/AI/srj-platform/.git'
 OK
Listing all Git configuration... OK
Git configuration:
file:C:/Program Files/Git/etc/gitconfig	diff.astextplain.textconv=astextplain
file:C:/Program Files/Git/etc/gitconfig	filter.lfs.clean=git-lfs clean -- %f
file:C:/Program Files/Git/etc/gitconfig	filter.lfs.smudge=git-lfs smudge -- %f
file:C:/Program Files/Git/etc/gitconfig	filter.lfs.process=git-lfs filter-process
file:C:/Program Files/Git/etc/gitconfig	filter.lfs.required=true
file:C:/Program Files/Git/etc/gitconfig	http.sslbackend=schannel
file:C:/Program Files/Git/etc/gitconfig	core.autocrlf=true
file:C:/Program Files/Git/etc/gitconfig	core.fscache=true
file:C:/Program Files/Git/etc/gitconfig	core.symlinks=false
file:C:/Program Files/Git/etc/gitconfig	pull.rebase=false
file:C:/Program Files/Git/etc/gitconfig	credential.helper=manager
file:C:/Program Files/Git/etc/gitconfig	credential.https://dev.azure.com.usehttppath=true
file:C:/Program Files/Git/etc/gitconfig	init.defaultbranch=master
file:C:/Users/HP/.gitconfig	user.name=srj-platform
file:C:/Users/HP/.gitconfig	user.email=srjplatforms@gmail.com
file:C:/Users/HP/.gitconfig	push.autosetupremote=true
file:.git/config	core.repositoryformatversion=0
file:.git/config	core.filemode=false
file:.git/config	core.bare=false
file:.git/config	core.logallrefupdates=true
file:.git/config	core.symlinks=false
file:.git/config	core.ignorecase=true
file:.git/config	remote.origin.url=https://github.com/srj-platform/srj-platform.git
file:.git/config	remote.origin.fetch=+refs/heads/*:refs/remotes/origin/*
file:.git/config	branch.main.remote=origin
file:.git/config	branch.main.merge=refs/heads/main


------------
Diagnostic: Credential storage
Skipped: False
Success: True
Exception: None
Log:
ICredentialStore instance is of type: CredentialStore
Writing test credential... OK
Reading test credential... OK
Deleting test credential... OK

------------
Diagnostic: Microsoft authentication (AAD/MSA)
Skipped: False
Success: True
Exception: None
Log:
Broker is not enabled.
Flow type is: Auto
Gathering MSAL token cache data... OK
CacheDirectory: C:\Users\HP\AppData\Local\.IdentityService
CacheFileName: msal.cache
CacheFilePath: C:\Users\HP\AppData\Local\.IdentityService\msal.cache
Creating cache helper... OK
Verifying MSAL token cache persistence... OK

------------
Diagnostic: GitHub API
Skipped: False
Success: True
Exception: None
Log:
Using 'https://github.com/' as API target.
Querying '/meta' endpoint... OK

